13:07:55 **** Incremental Build of configuration Debug for project 004TIM6LED ****
make -j9 all 
arm-none-eabi-gcc "../Src/main.c" -mcpu=cortex-m4 -std=gnu11 -g3 -DDEBUG -DSTM32L4 -DSTM32 -DNUCLEO_L476RG -DSTM32L476RGTx -c -I../Inc -O0 -ffunction-sections -fdata-sections -Wall -fstack-usage -fcyclomatic-complexity -MMD -MP -MF"Src/main.d" -MT"Src/main.o" --specs=nano.specs -mfpu=fpv4-sp-d16 -mfloat-abi=hard -mthumb -o "Src/main.o"
arm-none-eabi-gcc -o "004TIM6LED.elf" @"objects.list"   -mcpu=cortex-m4 -T"/Users/ruslan/projects/embedded_c/nucleo_projects/004TIM6LED/STM32L476RGTX_FLASH.ld" --specs=nosys.specs -Wl,-Map="004TIM6LED.map" -Wl,--gc-sections -static --specs=nano.specs -mfpu=fpv4-sp-d16 -mfloat-abi=hard -mthumb -Wl,--start-group -lc -lm -Wl,--end-group
Finished building target: 004TIM6LED.elf
 
arm-none-eabi-size  004TIM6LED.elf 
arm-none-eabi-objdump -h -S 004TIM6LED.elf  > "004TIM6LED.list"
   text	   data	    bss	    dec	    hex	filename
    888	      0	   1568	   2456	    998	004TIM6LED.elf
Finished building: default.size.stdout
 
Finished building: 004TIM6LED.list
 

13:07:56 Build Finished. 0 errors, 0 warnings. (took 398ms)

