22:47:39 **** Build of configuration Debug for project 005TIM6DebugLEDBlink ****
make -j9 all 
arm-none-eabi-gcc -mcpu=cortex-m4 -g3 -DDEBUG -c -x assembler-with-cpp -MMD -MP -MF"Startup/startup_stm32l476rgtx.d" -MT"Startup/startup_stm32l476rgtx.o" --specs=nano.specs -mfpu=fpv4-sp-d16 -mfloat-abi=hard -mthumb -o "Startup/startup_stm32l476rgtx.o" "../Startup/startup_stm32l476rgtx.s"
arm-none-eabi-gcc "../Src/main.c" -mcpu=cortex-m4 -std=gnu11 -g3 -DDEBUG -DSTM32L4 -DSTM32 -DNUCLEO_L476RG -DSTM32L476RGTx -c -I../Inc -O0 -ffunction-sections -fdata-sections -Wall -fstack-usage -fcyclomatic-complexity -MMD -MP -MF"Src/main.d" -MT"Src/main.o" --specs=nano.specs -mfpu=fpv4-sp-d16 -mfloat-abi=hard -mthumb -o "Src/main.o"
arm-none-eabi-gcc "../Src/syscalls.c" -mcpu=cortex-m4 -std=gnu11 -g3 -DDEBUG -DSTM32L4 -DSTM32 -DNUCLEO_L476RG -DSTM32L476RGTx -c -I../Inc -O0 -ffunction-sections -fdata-sections -Wall -fstack-usage -fcyclomatic-complexity -MMD -MP -MF"Src/syscalls.d" -MT"Src/syscalls.o" --specs=nano.specs -mfpu=fpv4-sp-d16 -mfloat-abi=hard -mthumb -o "Src/syscalls.o"
arm-none-eabi-gcc "../Src/sysmem.c" -mcpu=cortex-m4 -std=gnu11 -g3 -DDEBUG -DSTM32L4 -DSTM32 -DNUCLEO_L476RG -DSTM32L476RGTx -c -I../Inc -O0 -ffunction-sections -fdata-sections -Wall -fstack-usage -fcyclomatic-complexity -MMD -MP -MF"Src/sysmem.d" -MT"Src/sysmem.o" --specs=nano.specs -mfpu=fpv4-sp-d16 -mfloat-abi=hard -mthumb -o "Src/sysmem.o"
arm-none-eabi-gcc -o "005TIM6DebugLEDBlink.elf" @"objects.list"   -mcpu=cortex-m4 -T"/Users/ruslan/projects/embedded_c/nucleo_projects/005TIM6DebugLEDBlink/STM32L476RGTX_FLASH.ld" --specs=nosys.specs -Wl,-Map="005TIM6DebugLEDBlink.map" -Wl,--gc-sections -static --specs=nano.specs -mfpu=fpv4-sp-d16 -mfloat-abi=hard -mthumb -Wl,--start-group -lc -lm -Wl,--end-group
Finished building target: 005TIM6DebugLEDBlink.elf
 
arm-none-eabi-size  005TIM6DebugLEDBlink.elf 
arm-none-eabi-objdump -h -S 005TIM6DebugLEDBlink.elf  > "005TIM6DebugLEDBlink.list"
   text	   data	    bss	    dec	    hex	filename
   1032	      0	   1568	   2600	    a28	005TIM6DebugLEDBlink.elf
Finished building: default.size.stdout
 
Finished building: 005TIM6DebugLEDBlink.list
 
22:47:46 **** Incremental Build of configuration Debug for project 005TIM6DebugLEDBlink ****
make -j9 all 
arm-none-eabi-size  005TIM6DebugLEDBlink.elf 
   text	   data	    bss	    dec	    hex	filename
   1032	      0	   1568	   2600	    a28	005TIM6DebugLEDBlink.elf
Finished building: default.size.stdout
 
22:52:28 **** Incremental Build of configuration Debug for project 007TurnOnLED ****
make -j9 all 
arm-none-eabi-gcc "../Src/main.c" -mcpu=cortex-m4 -std=gnu11 -g3 -DDEBUG -DSTM32L4 -DSTM32 -DNUCLEO_L476RG -DSTM32L476RGTx -c -I../Inc -O0 -ffunction-sections -fdata-sections -Wall -fstack-usage -fcyclomatic-complexity -MMD -MP -MF"Src/main.d" -MT"Src/main.o" --specs=nano.specs -mfpu=fpv4-sp-d16 -mfloat-abi=hard -mthumb -o "Src/main.o"
arm-none-eabi-gcc -o "007TurnOnLED.elf" @"objects.list"   -mcpu=cortex-m4 -T"/Users/ruslan/projects/embedded_c/nucleo_projects/007TurnOnLED/STM32L476RGTX_FLASH.ld" --specs=nosys.specs -Wl,-Map="007TurnOnLED.map" -Wl,--gc-sections -static --specs=nano.specs -mfpu=fpv4-sp-d16 -mfloat-abi=hard -mthumb -Wl,--start-group -lc -lm -Wl,--end-group
Finished building target: 007TurnOnLED.elf
 
arm-none-eabi-size  007TurnOnLED.elf 
arm-none-eabi-objdump -h -S 007TurnOnLED.elf  > "007TurnOnLED.list"
   text	   data	    bss	    dec	    hex	filename
    784	      0	   1568	   2352	    930	007TurnOnLED.elf
Finished building: default.size.stdout
 
Finished building: 007TurnOnLED.list
 
